---
source: src/toc.rs
expression: toc.unwrap_or_default()
---
    1→# Convex Documentation
  445→# Full Documentation Content
  451→# AI Agents
  535→# Agent Definition and Usage
  759→# LLM Context
 1049→# Debugging
 1128→# Files and Images in Agent messages
 1279→# Getting Started with Agent
 1352→# Human Agents
 1510→# Messages
 1792→# Playground
 1868→# RAG (Retrieval-Augmented Generation) with the Agent component
 2035→# Rate Limiting
 2298→# Streaming
 2537→# Threads
 2684→# Tools
 2850→# Usage Tracking
 2989→# Workflows
 3172→# AI Code Generation
 3232→# Convex MCP Server
 3304→# Using Cursor with Convex
 3402→# Using GitHub Copilot with Convex
 3459→# Using Windsurf with Convex
 3507→# Convex
 3521→# Structure
 3542→# Class: BaseConvexClient
 3916→# Class: ConvexClient
 4255→# Class: ConvexHttpClient
 4508→# Class: ConvexReactClient
 4851→# Class: Crons
 5144→# Class: Expression\<T>
 5165→# Class: FilterExpression\<T>
 5186→# Class: HttpRouter
 5381→# Class: IndexRange
 5394→# Class: SchemaDefinition\<Schema, StrictTableTypes>
 5446→# Class: SearchFilter
 5465→# Class: TableDefinition\<DocumentType, Indexes, SearchIndexes, VectorIndexes>
 5792→# Class: ConvexError\<TData>
 5993→# Class: VAny\<Type, IsOptional, FieldPaths>
 6147→# Class: VArray\<Type, Element, IsOptional>
 6316→# Class: VBoolean\<Type, IsOptional>
 6468→# Class: VBytes\<Type, IsOptional>
 6620→# Class: VFloat64\<Type, IsOptional>
 6772→# Class: VId\<Type, IsOptional>
 6939→# Class: VInt64\<Type, IsOptional>
 7091→# Class: VLiteral\<Type, IsOptional>
 7258→# Class: VNull\<Type, IsOptional>
 7410→# Class: VObject\<Type, Fields, IsOptional, FieldPaths>
 7581→# Class: VRecord\<Type, Key, Value, IsOptional, FieldPaths>
 7767→# Class: VString\<Type, IsOptional>
 7919→# Class: VUnion\<Type, T, IsOptional, FieldPaths>
 8090→# Interface: BaseConvexClientOptions
 8284→# Interface: MutationOptions
 8311→# Interface: OptimisticLocalStore
 8426→# Interface: SubscribeOptions
 8453→# Interface: ConvexReactClientOptions
 8683→# Interface: MutationOptions\<Args>
 8716→# Interface: ReactAction\<Action>
 8759→# Interface: ReactMutation\<Mutation>
 8840→# Interface: Watch\<T>
 8943→# Interface: WatchQueryOptions
 8970→# Interface: Auth
 9004→# Interface: BaseTableReader\<DataModel, TableName>
 9072→# Interface: BaseTableWriter\<DataModel, TableName>
 9242→# Interface: CronJob
 9285→# Interface: DefineSchemaOptions\<StrictTableNameTypes>
 9347→# Interface: FilterBuilder\<TableInfo>
 9855→# Interface: GenericActionCtx\<DataModel>
10049→# Interface: GenericDatabaseReader\<DataModel>
10207→# Interface: GenericDatabaseReaderWithTable\<DataModel>
10281→# Interface: GenericDatabaseWriter\<DataModel>
10551→# Interface: GenericDatabaseWriterWithTable\<DataModel>
10633→# Interface: GenericMutationCtx\<DataModel>
10776→# Interface: GenericQueryCtx\<DataModel>
10870→# Interface: IndexRangeBuilder\<Document, IndexFields, FieldNum>
11053→# Interface: OrderedQuery\<TableInfo>
11234→# Interface: PaginationOptions
11277→# Interface: PaginationResult\<T>
11356→# Interface: Query\<TableInfo>
11614→# Interface: QueryInitializer\<TableInfo>
11946→# Interface: Scheduler
12045→# Interface: SearchFilterBuilder\<Document, SearchIndexConfig>
12107→# Interface: SearchFilterFinalizer\<Document, SearchIndexConfig>
12164→# Interface: SearchIndexConfig\<SearchField, FilterFields>
12210→# Interface: StorageActionWriter
12525→# Interface: StorageReader
12660→# Interface: StorageWriter
12889→# Interface: SystemDataModel
12966→# Interface: UserIdentity
13243→# Interface: ValidatedFunction\<Ctx, ArgsValidator, Returns>
13340→# Interface: VectorFilterBuilder\<Document, VectorIndexConfig>
13413→# Interface: VectorIndexConfig\<VectorField, FilterFields>
13471→# Interface: VectorSearchQuery\<TableInfo, IndexName>
13551→# convex
13570→# Module: browser
13782→# Module: nextjs
14005→# Module: react
14962→# Module: react-auth0
15001→# Module: react-clerk
15041→# Module: server
17605→# Module: values
18053→# Namespace: Base64
18144→# Authentication
18221→# Custom OIDC Provider
18340→# Custom JWT Provider
18422→# Convex & Auth0
18770→# Convex & WorkOS AuthKit
19578→# Automatic AuthKit Configuration
19618→# Convex & Clerk
20225→# Convex Auth
20270→# Storing Users in the Convex Database
20806→# Debugging Authentication
20992→# Auth in Functions
21085→# Chef
21236→# CLI
21498→# Agent Mode
21525→# Deploy keys
21558→# Common uses of deploy keys
21621→# Local Deployments for Development
21702→# Android Kotlin
21912→# Kotlin and Convex type conversion
22021→# Convex JavaScript Clients
22120→# Bun
22157→# Node.js
22221→# Script Tag
22301→# Next.js
22408→# Next.js Server Rendering
22628→# Next.js Pages Router
22723→# Next.js Pages Quickstart
22856→# OpenAPI & Other Languages
22982→# Python
22993→# Convex React
23317→# Convex React Native
23332→# Configuring Deployment URL
23407→# Optimistic Updates
23530→# Rust
23541→# Svelte
23554→# iOS & macOS Swift
23775→# Swift and Convex type conversion
23889→# Convex with TanStack Query
24020→# TanStack Start
24113→# TanStack Start with Clerk
24355→# Vue
24376→# Nuxt
24399→# Components
24535→# Using Components
24622→# Dashboard
24635→# Deployments
24650→# Data
24791→# Settings
24838→# File Storage
24857→# Functions
24967→# Health
25036→# History
25055→# Logs
25107→# Schedules
25134→# Projects
25180→# Teams
25295→# Database
25377→# OCC and Atomicity
25478→# Schema Philosophy
25499→# System Tables
25519→# Backups
25556→# Downloading a backup
25603→# Document IDs
25729→# Data Import & Export
25753→# Data Export
25770→# Data Import
25890→# Paginated Queries
26125→# Reading Data
26408→# Filtering
26590→# Indexes
26849→# Introduction to Indexes and Query Performance
27084→# Schemas
27427→# Data Types
27522→# Writing Data
27702→# Deployment API
27723→# Convex Deployment API
27767→# Get canonical URLs
27787→# List environment variables
27807→# Update canonical URL
27829→# Update environment variables
27851→# Deployment Platform API
27889→# Errors and Warnings
27972→# ESLint rules
28152→# File Storage
28173→# Deleting Files
28205→# Accessing File Metadata
28283→# Serving Files
28394→# Storing Generated Files
28464→# Uploading and Storing Files
28738→# Functions
28767→# Actions
29136→# Bundling
29295→# Debugging
29378→# Error Handling
29509→# Application Errors
29626→# HTTP Actions
29908→# Internal Functions
30009→# Mutations
30268→# Queries
30576→# Runtimes
30698→# Argument and Return Value Validation
30909→# Generated Code
30934→# api.js
30992→# dataModel.d.ts
31063→# server.js
31323→# Convex HTTP API
31473→# Management API
31527→# Convex Management API
31564→# Create custom domain
31586→# Create deploy key
31612→# Create project
31634→# Delete custom domain
31656→# Delete project
31678→# Get token details
31698→# List custom domains
31720→# List deployments
31742→# List projects
31764→# Platform APIs
31831→# Embedding the dashboard
31905→# OAuth Applications
32013→# Using PKCE (RFC 7636)
32031→# Deploying Your App to Production
32119→# Contact Us
32146→# Environment Variables
32221→# Hosting and Deployment
32244→# Custom Domains & Hosting
32364→# Using Convex with Netlify
32489→# Preview Deployments
32530→# Using Convex with Vercel
32653→# Integrations
32681→# Exception Reporting
32726→# Log Streams
32965→# (Legacy) Event schema
33126→# Streaming Data in and out of Convex
33180→# Multiple Repositories
33300→# Pausing a Deployment
33326→# Project Configuration
33435→# Status and Guarantees
33490→# Limits
33643→# Convex Public HTTP routes
33656→# Execute action
33678→# Execute any function
33700→# Execute function by URL path
33722→# Get latest timestamp
33742→# Execute mutation
33764→# Execute query at timestamp
33786→# Execute query batch
33808→# Execute query (GET)
33830→# Execute query (POST)
33852→# Android Kotlin Quickstart
34058→# Using Convex with Bun
34163→# Next.js Quickstart
34369→# Node.js Quickstart
34476→# Nuxt Quickstart
34663→# Python Quickstart
34776→# React Quickstart
34953→# React Native Quickstart
35101→# Remix Quickstart
35268→# Rust Quickstart
35383→# Script Tag Quickstart
35485→# Svelte Quickstart
35642→# iOS Swift Quickstart
35798→# TanStack Start Quickstart
36038→# Vue Quickstart
36177→# Realtime
36214→# Scheduling
36262→# Cron Jobs
36335→# Scheduled Functions
36505→# AI & Search
36528→# Full Text Search
36715→# Vector Search
37049→# Self Hosting
37096→# Streaming Export
37202→# Streaming Import
37304→# Testing
37350→# Continuous Integration
37384→# Testing Local Backend
37424→# convex-test
37892→# Convex Tutorial: A chat app
38132→# Convex Tutorial: Calling external services
38294→# Convex Tutorial: Scaling your app
38341→# Convex Overview
38521→# Best Practices
39393→# TypeScript
39624→# Dev workflow
39783→# The Zen of Convex
