---
source: src/toc.rs
expression: toc.unwrap_or_default()
---
   1→Getting Started Qwikly
  11→Prerequisites
  20→Create an app using the CLI
  39→Qwik Joke App
  44→### 1. Create A Route ###
  75→### 2. Loading Data ###
 127→### 3. Posting Data to the Server ###
 227→### 4. Modifying State ###
 309→### 5. Tasks and Invoking Server Code ###
 428→### 6. Styling ###
 535→### 7. Preview ###
 557→Review
