---
source: src/toc.rs
expression: toc.unwrap_or_default()
---
  1→Introduction [​](#introduction)
  9→What is Vue? [​](#what-is-vue)
 68→The Progressive Framework [​](#the-progressive-framework)
 86→Single-File Components [​](#single-file-components)
136→API Styles [​](#api-styles)
141→### Options API [​](#options-api) ###
182→### Composition API [​](#composition-api) ###
215→### Which to Choose? [​](#which-to-choose) ###
237→Still Got Questions? [​](#still-got-questions)
242→Pick Your Learning Path [​](#pick-your-learning-path)
